[0.232s] DEBUG:colcon:Command line arguments: ['/usr/bin/colcon', 'build', '--packages-select', 'midnight_tuner']
[0.232s] DEBUG:colcon:Parsed command line arguments: Namespace(log_base=None, log_level=None, verb_name='build', build_base='build', install_base='install', merge_install=False, symlink_install=False, test_result_base=None, continue_on_error=False, executor='parallel', parallel_workers=2, event_handlers=None, ignore_user_meta=False, metas=['./colcon.meta'], base_paths=['.'], packages_ignore=None, packages_ignore_regex=None, paths=None, packages_up_to=None, packages_up_to_regex=None, packages_above=None, packages_above_and_dependencies=None, packages_above_depth=None, packages_select_by_dep=None, packages_skip_by_dep=None, packages_skip_up_to=None, packages_select_build_failed=False, packages_skip_build_finished=False, packages_select_test_failures=False, packages_skip_test_passed=False, packages_select=['midnight_tuner'], packages_skip=None, packages_select_regex=None, packages_skip_regex=None, packages_start=None, packages_end=None, cmake_args=None, cmake_target=None, cmake_target_skip_unavailable=False, cmake_clean_cache=False, cmake_clean_first=False, cmake_force_configure=False, ament_cmake_args=None, catkin_cmake_args=None, catkin_skip_building_tests=False, verb_parser=<colcon_defaults.argument_parser.defaults.DefaultArgumentsDecorator object at 0x77fa39fff6e0>, verb_extension=<colcon_core.verb.build.BuildVerb object at 0x77fa39fff5f0>, main=<bound method BuildVerb.main of <colcon_core.verb.build.BuildVerb object at 0x77fa39fff5f0>>)
[0.302s] Level 1:colcon.colcon_core.package_discovery:discover_packages(colcon_meta) check parameters
[0.303s] Level 1:colcon.colcon_core.package_discovery:discover_packages(recursive) check parameters
[0.303s] Level 1:colcon.colcon_core.package_discovery:discover_packages(ignore) check parameters
[0.303s] Level 1:colcon.colcon_core.package_discovery:discover_packages(path) check parameters
[0.303s] Level 1:colcon.colcon_core.package_discovery:discover_packages(colcon_meta) discover
[0.303s] Level 1:colcon.colcon_core.package_discovery:discover_packages(recursive) discover
[0.303s] INFO:colcon.colcon_core.package_discovery:Crawling recursively for packages in '/home/mariamehab/tuner_ws'
[0.303s] Level 1:colcon.colcon_core.package_identification:_identify(.) by extensions ['ignore', 'ignore_ament_install']
[0.304s] Level 1:colcon.colcon_core.package_identification:_identify(.) by extension 'ignore'
[0.304s] Level 1:colcon.colcon_core.package_identification:_identify(.) by extension 'ignore_ament_install'
[0.304s] Level 1:colcon.colcon_core.package_identification:_identify(.) by extensions ['colcon_pkg']
[0.304s] Level 1:colcon.colcon_core.package_identification:_identify(.) by extension 'colcon_pkg'
[0.304s] Level 1:colcon.colcon_core.package_identification:_identify(.) by extensions ['colcon_meta']
[0.304s] Level 1:colcon.colcon_core.package_identification:_identify(.) by extension 'colcon_meta'
[0.304s] Level 1:colcon.colcon_core.package_identification:_identify(.) by extensions ['ros']
[0.304s] Level 1:colcon.colcon_core.package_identification:_identify(.) by extension 'ros'
[0.350s] Level 1:colcon.colcon_core.package_identification:_identify(.) by extensions ['cmake', 'python']
[0.351s] Level 1:colcon.colcon_core.package_identification:_identify(.) by extension 'cmake'
[0.351s] Level 1:colcon.colcon_core.package_identification:_identify(.) by extension 'python'
[0.351s] Level 1:colcon.colcon_core.package_identification:_identify(.) by extensions ['python_setup_py']
[0.351s] Level 1:colcon.colcon_core.package_identification:_identify(.) by extension 'python_setup_py'
[0.351s] Level 1:colcon.colcon_core.package_identification:_identify(build) by extensions ['ignore', 'ignore_ament_install']
[0.351s] Level 1:colcon.colcon_core.package_identification:_identify(build) by extension 'ignore'
[0.352s] Level 1:colcon.colcon_core.package_identification:_identify(build) ignored
[0.352s] Level 1:colcon.colcon_core.package_identification:_identify(install) by extensions ['ignore', 'ignore_ament_install']
[0.352s] Level 1:colcon.colcon_core.package_identification:_identify(install) by extension 'ignore'
[0.352s] Level 1:colcon.colcon_core.package_identification:_identify(install) ignored
[0.352s] Level 1:colcon.colcon_core.package_identification:_identify(log) by extensions ['ignore', 'ignore_ament_install']
[0.353s] Level 1:colcon.colcon_core.package_identification:_identify(log) by extension 'ignore'
[0.353s] Level 1:colcon.colcon_core.package_identification:_identify(log) ignored
[0.353s] Level 1:colcon.colcon_core.package_identification:_identify(src) by extensions ['ignore', 'ignore_ament_install']
[0.353s] Level 1:colcon.colcon_core.package_identification:_identify(src) by extension 'ignore'
[0.353s] Level 1:colcon.colcon_core.package_identification:_identify(src) by extension 'ignore_ament_install'
[0.353s] Level 1:colcon.colcon_core.package_identification:_identify(src) by extensions ['colcon_pkg']
[0.353s] Level 1:colcon.colcon_core.package_identification:_identify(src) by extension 'colcon_pkg'
[0.354s] Level 1:colcon.colcon_core.package_identification:_identify(src) by extensions ['colcon_meta']
[0.354s] Level 1:colcon.colcon_core.package_identification:_identify(src) by extension 'colcon_meta'
[0.354s] Level 1:colcon.colcon_core.package_identification:_identify(src) by extensions ['ros']
[0.354s] Level 1:colcon.colcon_core.package_identification:_identify(src) by extension 'ros'
[0.354s] Level 1:colcon.colcon_core.package_identification:_identify(src) by extensions ['cmake', 'python']
[0.354s] Level 1:colcon.colcon_core.package_identification:_identify(src) by extension 'cmake'
[0.354s] Level 1:colcon.colcon_core.package_identification:_identify(src) by extension 'python'
[0.355s] Level 1:colcon.colcon_core.package_identification:_identify(src) by extensions ['python_setup_py']
[0.355s] Level 1:colcon.colcon_core.package_identification:_identify(src) by extension 'python_setup_py'
[0.355s] Level 1:colcon.colcon_core.package_identification:_identify(src/midnight_tuner) by extensions ['ignore', 'ignore_ament_install']
[0.355s] Level 1:colcon.colcon_core.package_identification:_identify(src/midnight_tuner) by extension 'ignore'
[0.355s] Level 1:colcon.colcon_core.package_identification:_identify(src/midnight_tuner) by extension 'ignore_ament_install'
[0.355s] Level 1:colcon.colcon_core.package_identification:_identify(src/midnight_tuner) by extensions ['colcon_pkg']
[0.355s] Level 1:colcon.colcon_core.package_identification:_identify(src/midnight_tuner) by extension 'colcon_pkg'
[0.355s] Level 1:colcon.colcon_core.package_identification:_identify(src/midnight_tuner) by extensions ['colcon_meta']
[0.355s] Level 1:colcon.colcon_core.package_identification:_identify(src/midnight_tuner) by extension 'colcon_meta'
[0.356s] Level 1:colcon.colcon_core.package_identification:_identify(src/midnight_tuner) by extensions ['ros']
[0.356s] Level 1:colcon.colcon_core.package_identification:_identify(src/midnight_tuner) by extension 'ros'
[0.360s] DEBUG:colcon.colcon_core.package_identification:Package 'src/midnight_tuner' with type 'ros.ament_python' and name 'midnight_tuner'
[0.360s] Level 1:colcon.colcon_core.package_discovery:discover_packages(recursive) using defaults
[0.360s] Level 1:colcon.colcon_core.package_discovery:discover_packages(ignore) discover
[0.360s] Level 1:colcon.colcon_core.package_discovery:discover_packages(ignore) using defaults
[0.360s] Level 1:colcon.colcon_core.package_discovery:discover_packages(path) discover
[0.360s] Level 1:colcon.colcon_core.package_discovery:discover_packages(path) using defaults
[0.401s] Level 5:colcon.colcon_core.verb:set package 'midnight_tuner' build argument 'cmake_args' from command line to 'None'
[0.401s] Level 5:colcon.colcon_core.verb:set package 'midnight_tuner' build argument 'cmake_target' from command line to 'None'
[0.401s] Level 5:colcon.colcon_core.verb:set package 'midnight_tuner' build argument 'cmake_target_skip_unavailable' from command line to 'False'
[0.401s] Level 5:colcon.colcon_core.verb:set package 'midnight_tuner' build argument 'cmake_clean_cache' from command line to 'False'
[0.401s] Level 5:colcon.colcon_core.verb:set package 'midnight_tuner' build argument 'cmake_clean_first' from command line to 'False'
[0.401s] Level 5:colcon.colcon_core.verb:set package 'midnight_tuner' build argument 'cmake_force_configure' from command line to 'False'
[0.401s] Level 5:colcon.colcon_core.verb:set package 'midnight_tuner' build argument 'ament_cmake_args' from command line to 'None'
[0.402s] Level 5:colcon.colcon_core.verb:set package 'midnight_tuner' build argument 'catkin_cmake_args' from command line to 'None'
[0.402s] Level 5:colcon.colcon_core.verb:set package 'midnight_tuner' build argument 'catkin_skip_building_tests' from command line to 'False'
[0.402s] DEBUG:colcon.colcon_core.verb:Building package 'midnight_tuner' with the following arguments: {'ament_cmake_args': None, 'build_base': '/home/mariamehab/tuner_ws/build/midnight_tuner', 'catkin_cmake_args': None, 'catkin_skip_building_tests': False, 'cmake_args': None, 'cmake_clean_cache': False, 'cmake_clean_first': False, 'cmake_force_configure': False, 'cmake_target': None, 'cmake_target_skip_unavailable': False, 'install_base': '/home/mariamehab/tuner_ws/install/midnight_tuner', 'merge_install': False, 'path': '/home/mariamehab/tuner_ws/src/midnight_tuner', 'symlink_install': False, 'test_result_base': None}
[0.402s] INFO:colcon.colcon_core.executor:Executing jobs using 'parallel' executor
[0.403s] DEBUG:colcon.colcon_parallel_executor.executor.parallel:run_until_complete
[0.404s] INFO:colcon.colcon_ros.task.ament_python.build:Building ROS package in '/home/mariamehab/tuner_ws/src/midnight_tuner' with build type 'ament_python'
[0.404s] Level 1:colcon.colcon_core.shell:create_environment_hook('midnight_tuner', 'ament_prefix_path')
[0.408s] INFO:colcon.colcon_core.plugin_system:Skipping extension 'colcon_core.shell.bat': Not used on non-Windows systems
[0.409s] INFO:colcon.colcon_core.shell:Creating environment descriptor '/home/mariamehab/tuner_ws/install/midnight_tuner/share/midnight_tuner/hook/ament_prefix_path.dsv'
[0.410s] INFO:colcon.colcon_core.shell:Creating environment hook '/home/mariamehab/tuner_ws/install/midnight_tuner/share/midnight_tuner/hook/ament_prefix_path.sh'
[0.411s] DEBUG:colcon.colcon_core.shell:Skip shell extension 'dsv' for command environment
[0.961s] INFO:colcon.colcon_core.task.python.build:Building Python package in '/home/mariamehab/tuner_ws/src/midnight_tuner'
[0.962s] DEBUG:colcon.colcon_core.shell:Skip shell extension 'dsv' for command environment
[2.236s] DEBUG:colcon.colcon_core.task.python.build:Available setuptools commands: symlink_data, bdist_rpm, update_catalog, dist_info, editable_wheel, extract_messages, easy_install, sdist, build_py, install_headers, develop, build_scripts, alias, check, install_egg_info, build, init_catalog, install_lib, install_data, bdist_egg, rotate, test, build_ext, install, egg_info, bdist, compile_catalog, clean, upload, setopt, bdist_dumb, saveopts, build_clib, upload_docs, install_scripts, register
[2.239s] DEBUG:colcon.colcon_core.event_handler.log_command:Invoking command in '/home/mariamehab/tuner_ws/src/midnight_tuner': DEBUGINFOD_URLS=https://debuginfod.ubuntu.com PYTHONPATH=/home/mariamehab/tuner_ws/build/midnight_tuner/prefix_override:/usr/lib/python3/dist-packages/colcon_core/task/python/colcon_distutils_commands:/home/mariamehab/tuner_ws/install/midnight_tuner/lib/python3.12/site-packages:${PYTHONPATH} /usr/bin/python3 -W ignore:setup.py install is deprecated -W ignore:easy_install command is deprecated setup.py egg_info --egg-base ../../build/midnight_tuner build --build-base /home/mariamehab/tuner_ws/build/midnight_tuner/build install --record /home/mariamehab/tuner_ws/build/midnight_tuner/install.log --install-scripts $base/lib/midnight_tuner --single-version-externally-managed install_data
[3.665s] DEBUG:colcon.colcon_core.event_handler.log_command:Invoked command in '/home/mariamehab/tuner_ws/src/midnight_tuner' returned '0': DEBUGINFOD_URLS=https://debuginfod.ubuntu.com PYTHONPATH=/home/mariamehab/tuner_ws/build/midnight_tuner/prefix_override:/usr/lib/python3/dist-packages/colcon_core/task/python/colcon_distutils_commands:/home/mariamehab/tuner_ws/install/midnight_tuner/lib/python3.12/site-packages:${PYTHONPATH} /usr/bin/python3 -W ignore:setup.py install is deprecated -W ignore:easy_install command is deprecated setup.py egg_info --egg-base ../../build/midnight_tuner build --build-base /home/mariamehab/tuner_ws/build/midnight_tuner/build install --record /home/mariamehab/tuner_ws/build/midnight_tuner/install.log --install-scripts $base/lib/midnight_tuner --single-version-externally-managed install_data
[3.673s] Level 1:colcon.colcon_core.environment:checking '/home/mariamehab/tuner_ws/install/midnight_tuner' for CMake module files
[3.675s] Level 1:colcon.colcon_core.environment:checking '/home/mariamehab/tuner_ws/install/midnight_tuner' for CMake config files
[3.676s] Level 1:colcon.colcon_core.environment:checking '/home/mariamehab/tuner_ws/install/midnight_tuner/lib'
[3.677s] Level 1:colcon.colcon_core.environment:checking '/home/mariamehab/tuner_ws/install/midnight_tuner/bin'
[3.677s] Level 1:colcon.colcon_core.environment:checking '/home/mariamehab/tuner_ws/install/midnight_tuner/lib/pkgconfig/midnight_tuner.pc'
[3.678s] Level 1:colcon.colcon_core.environment:checking '/home/mariamehab/tuner_ws/install/midnight_tuner/lib/python3.12/site-packages'
[3.678s] Level 1:colcon.colcon_core.shell:create_environment_hook('midnight_tuner', 'pythonpath')
[3.678s] INFO:colcon.colcon_core.shell:Creating environment descriptor '/home/mariamehab/tuner_ws/install/midnight_tuner/share/midnight_tuner/hook/pythonpath.dsv'
[3.679s] INFO:colcon.colcon_core.shell:Creating environment hook '/home/mariamehab/tuner_ws/install/midnight_tuner/share/midnight_tuner/hook/pythonpath.sh'
[3.683s] Level 1:colcon.colcon_core.environment:checking '/home/mariamehab/tuner_ws/install/midnight_tuner/bin'
[3.683s] Level 1:colcon.colcon_core.environment:create_environment_scripts_only(midnight_tuner)
[3.684s] INFO:colcon.colcon_core.shell:Creating package descriptor '/home/mariamehab/tuner_ws/install/midnight_tuner/share/midnight_tuner/package.dsv'
[3.687s] INFO:colcon.colcon_core.shell:Creating package script '/home/mariamehab/tuner_ws/install/midnight_tuner/share/midnight_tuner/package.sh'
[3.691s] INFO:colcon.colcon_core.shell:Creating package script '/home/mariamehab/tuner_ws/install/midnight_tuner/share/midnight_tuner/package.bash'
[3.696s] INFO:colcon.colcon_core.shell:Creating package script '/home/mariamehab/tuner_ws/install/midnight_tuner/share/midnight_tuner/package.zsh'
[3.701s] Level 1:colcon.colcon_core.environment:create_file_with_runtime_dependencies(/home/mariamehab/tuner_ws/install/midnight_tuner/share/colcon-core/packages/midnight_tuner)
[3.703s] DEBUG:colcon.colcon_parallel_executor.executor.parallel:closing loop
[3.705s] DEBUG:colcon.colcon_parallel_executor.executor.parallel:loop closed
[3.705s] DEBUG:colcon.colcon_parallel_executor.executor.parallel:run_until_complete finished with '0'
[3.705s] DEBUG:colcon.colcon_core.event_reactor:joining thread
[3.742s] INFO:colcon.colcon_core.plugin_system:Skipping extension 'colcon_notification.desktop_notification.terminal_notifier': Not used on non-Darwin systems
[3.744s] INFO:colcon.colcon_core.plugin_system:Skipping extension 'colcon_notification.desktop_notification.win32': Not used on non-Windows systems
[3.744s] INFO:colcon.colcon_notification.desktop_notification:Sending desktop notification using 'notify2'
[3.781s] DEBUG:colcon.colcon_core.event_reactor:joined thread
[3.781s] INFO:colcon.colcon_core.shell:Creating prefix script '/home/mariamehab/tuner_ws/install/local_setup.sh'
[3.783s] INFO:colcon.colcon_core.shell:Creating prefix util module '/home/mariamehab/tuner_ws/install/_local_setup_util_sh.py'
[3.791s] INFO:colcon.colcon_core.shell:Creating prefix chain script '/home/mariamehab/tuner_ws/install/setup.sh'
[3.793s] INFO:colcon.colcon_core.shell:Creating prefix script '/home/mariamehab/tuner_ws/install/local_setup.bash'
[3.794s] INFO:colcon.colcon_core.shell:Creating prefix chain script '/home/mariamehab/tuner_ws/install/setup.bash'
[3.797s] INFO:colcon.colcon_core.shell:Creating prefix script '/home/mariamehab/tuner_ws/install/local_setup.zsh'
[3.798s] INFO:colcon.colcon_core.shell:Creating prefix chain script '/home/mariamehab/tuner_ws/install/setup.zsh'
