running egg_info
writing ../../build/midnight_tuner/midnight_tuner.egg-info/PKG-INFO
writing dependency_links to ../../build/midnight_tuner/midnight_tuner.egg-info/dependency_links.txt
writing entry points to ../../build/midnight_tuner/midnight_tuner.egg-info/entry_points.txt
writing requirements to ../../build/midnight_tuner/midnight_tuner.egg-info/requires.txt
writing top-level names to ../../build/midnight_tuner/midnight_tuner.egg-info/top_level.txt
reading manifest file '../../build/midnight_tuner/midnight_tuner.egg-info/SOURCES.txt'
adding license file 'LICENSE'
writing manifest file '../../build/midnight_tuner/midnight_tuner.egg-info/SOURCES.txt'
running build
running build_py
copying midnight_tuner/tuner_controller.py -> /home/mariamehab/tuner_ws/build/midnight_tuner/build/lib/midnight_tuner
running install
running install_lib
copying /home/mariamehab/tuner_ws/build/midnight_tuner/build/lib/midnight_tuner/tuner_controller.py -> /home/mariamehab/tuner_ws/install/midnight_tuner/lib/python3.12/site-packages/midnight_tuner
byte-compiling /home/mariamehab/tuner_ws/install/midnight_tuner/lib/python3.12/site-packages/midnight_tuner/tuner_controller.py to tuner_controller.cpython-312.pyc
running install_data
running install_egg_info
removing '/home/mariamehab/tuner_ws/install/midnight_tuner/lib/python3.12/site-packages/midnight_tuner-0.0.0-py3.12.egg-info' (and everything under it)
Copying ../../build/midnight_tuner/midnight_tuner.egg-info to /home/mariamehab/tuner_ws/install/midnight_tuner/lib/python3.12/site-packages/midnight_tuner-0.0.0-py3.12.egg-info
running install_scripts
Installing tuner_controller script to /home/mariamehab/tuner_ws/install/midnight_tuner/lib/midnight_tuner
writing list of installed files to '/home/mariamehab/tuner_ws/build/midnight_tuner/install.log'
