[2.930s] Invoking command in '/home/mariamehab/tuner_ws/src/midnight_tuner': DEBUGINFOD_URLS=https://debuginfod.ubuntu.com PYTHONPATH=/home/mariamehab/tuner_ws/build/midnight_tuner/prefix_override:/usr/lib/python3/dist-packages/colcon_core/task/python/colcon_distutils_commands:/home/mariamehab/tuner_ws/install/midnight_tuner/lib/python3.12/site-packages:${PYTHONPATH} /usr/bin/python3 -W ignore:setup.py install is deprecated -W ignore:easy_install command is deprecated setup.py egg_info --egg-base ../../build/midnight_tuner build --build-base /home/mariamehab/tuner_ws/build/midnight_tuner/build install --record /home/mariamehab/tuner_ws/build/midnight_tuner/install.log --install-scripts $base/lib/midnight_tuner --single-version-externally-managed install_data
[3.658s] running egg_info
[3.659s] creating ../../build/midnight_tuner/midnight_tuner.egg-info
[3.714s] writing ../../build/midnight_tuner/midnight_tuner.egg-info/PKG-INFO
[3.714s] writing dependency_links to ../../build/midnight_tuner/midnight_tuner.egg-info/dependency_links.txt
[3.718s] writing entry points to ../../build/midnight_tuner/midnight_tuner.egg-info/entry_points.txt
[3.718s] writing requirements to ../../build/midnight_tuner/midnight_tuner.egg-info/requires.txt
[3.718s] writing top-level names to ../../build/midnight_tuner/midnight_tuner.egg-info/top_level.txt
[3.718s] writing manifest file '../../build/midnight_tuner/midnight_tuner.egg-info/SOURCES.txt'
[3.825s] reading manifest file '../../build/midnight_tuner/midnight_tuner.egg-info/SOURCES.txt'
[3.825s] adding license file 'LICENSE'
[3.826s] writing manifest file '../../build/midnight_tuner/midnight_tuner.egg-info/SOURCES.txt'
[3.826s] running build
[3.827s] running build_py
[3.827s] creating /home/mariamehab/tuner_ws/build/midnight_tuner/build
[3.827s] creating /home/mariamehab/tuner_ws/build/midnight_tuner/build/lib
[3.827s] creating /home/mariamehab/tuner_ws/build/midnight_tuner/build/lib/midnight_tuner
[3.827s] copying midnight_tuner/__init__.py -> /home/mariamehab/tuner_ws/build/midnight_tuner/build/lib/midnight_tuner
[3.828s] copying midnight_tuner/tuner_controller.py -> /home/mariamehab/tuner_ws/build/midnight_tuner/build/lib/midnight_tuner
[3.828s] running install
[3.860s] running install_lib
[3.926s] creating /home/mariamehab/tuner_ws/install/midnight_tuner/lib/python3.12/site-packages/midnight_tuner
[3.926s] copying /home/mariamehab/tuner_ws/build/midnight_tuner/build/lib/midnight_tuner/__init__.py -> /home/mariamehab/tuner_ws/install/midnight_tuner/lib/python3.12/site-packages/midnight_tuner
[3.926s] copying /home/mariamehab/tuner_ws/build/midnight_tuner/build/lib/midnight_tuner/tuner_controller.py -> /home/mariamehab/tuner_ws/install/midnight_tuner/lib/python3.12/site-packages/midnight_tuner
[3.927s] byte-compiling /home/mariamehab/tuner_ws/install/midnight_tuner/lib/python3.12/site-packages/midnight_tuner/__init__.py to __init__.cpython-312.pyc
[3.927s] byte-compiling /home/mariamehab/tuner_ws/install/midnight_tuner/lib/python3.12/site-packages/midnight_tuner/tuner_controller.py to tuner_controller.cpython-312.pyc
[3.928s] running install_data
[3.929s] creating /home/mariamehab/tuner_ws/install/midnight_tuner/share/ament_index
[3.929s] creating /home/mariamehab/tuner_ws/install/midnight_tuner/share/ament_index/resource_index
[3.929s] creating /home/mariamehab/tuner_ws/install/midnight_tuner/share/ament_index/resource_index/packages
[3.929s] copying resource/midnight_tuner -> /home/mariamehab/tuner_ws/install/midnight_tuner/share/ament_index/resource_index/packages
[3.929s] copying package.xml -> /home/mariamehab/tuner_ws/install/midnight_tuner/share/midnight_tuner
[3.930s] creating /home/mariamehab/tuner_ws/install/midnight_tuner/share/midnight_tuner/launch
[3.931s] copying launch/bringup.launch.py -> /home/mariamehab/tuner_ws/install/midnight_tuner/share/midnight_tuner/launch
[3.931s] running install_egg_info
[3.983s] Copying ../../build/midnight_tuner/midnight_tuner.egg-info to /home/mariamehab/tuner_ws/install/midnight_tuner/lib/python3.12/site-packages/midnight_tuner-0.0.0-py3.12.egg-info
[3.984s] running install_scripts
[4.250s] Installing tuner_controller script to /home/mariamehab/tuner_ws/install/midnight_tuner/lib/midnight_tuner
[4.251s] writing list of installed files to '/home/mariamehab/tuner_ws/build/midnight_tuner/install.log'
[4.323s] Invoked command in '/home/mariamehab/tuner_ws/src/midnight_tuner' returned '0': DEBUGINFOD_URLS=https://debuginfod.ubuntu.com PYTHONPATH=/home/mariamehab/tuner_ws/build/midnight_tuner/prefix_override:/usr/lib/python3/dist-packages/colcon_core/task/python/colcon_distutils_commands:/home/mariamehab/tuner_ws/install/midnight_tuner/lib/python3.12/site-packages:${PYTHONPATH} /usr/bin/python3 -W ignore:setup.py install is deprecated -W ignore:easy_install command is deprecated setup.py egg_info --egg-base ../../build/midnight_tuner build --build-base /home/mariamehab/tuner_ws/build/midnight_tuner/build install --record /home/mariamehab/tuner_ws/build/midnight_tuner/install.log --install-scripts $base/lib/midnight_tuner --single-version-externally-managed install_data
