[0.386s] DEBUG:colcon:Command line arguments: ['/usr/bin/colcon', 'build', '--packages-select', 'midnight_tuner']
[0.386s] DEBUG:colcon:Parsed command line arguments: Namespace(log_base=None, log_level=None, verb_name='build', build_base='build', install_base='install', merge_install=False, symlink_install=False, test_result_base=None, continue_on_error=False, executor='parallel', parallel_workers=2, event_handlers=None, ignore_user_meta=False, metas=['./colcon.meta'], base_paths=['.'], packages_ignore=None, packages_ignore_regex=None, paths=None, packages_up_to=None, packages_up_to_regex=None, packages_above=None, packages_above_and_dependencies=None, packages_above_depth=None, packages_select_by_dep=None, packages_skip_by_dep=None, packages_skip_up_to=None, packages_select_build_failed=False, packages_skip_build_finished=False, packages_select_test_failures=False, packages_skip_test_passed=False, packages_select=['midnight_tuner'], packages_skip=None, packages_select_regex=None, packages_skip_regex=None, packages_start=None, packages_end=None, cmake_args=None, cmake_target=None, cmake_target_skip_unavailable=False, cmake_clean_cache=False, cmake_clean_first=False, cmake_force_configure=False, ament_cmake_args=None, catkin_cmake_args=None, catkin_skip_building_tests=False, verb_parser=<colcon_defaults.argument_parser.defaults.DefaultArgumentsDecorator object at 0x7e9d68ce36e0>, verb_extension=<colcon_core.verb.build.BuildVerb object at 0x7e9d68ce3560>, main=<bound method BuildVerb.main of <colcon_core.verb.build.BuildVerb object at 0x7e9d68ce3560>>)
[0.567s] Level 1:colcon.colcon_core.package_discovery:discover_packages(colcon_meta) check parameters
[0.567s] Level 1:colcon.colcon_core.package_discovery:discover_packages(recursive) check parameters
[0.567s] Level 1:colcon.colcon_core.package_discovery:discover_packages(ignore) check parameters
[0.568s] Level 1:colcon.colcon_core.package_discovery:discover_packages(path) check parameters
[0.568s] Level 1:colcon.colcon_core.package_discovery:discover_packages(colcon_meta) discover
[0.568s] Level 1:colcon.colcon_core.package_discovery:discover_packages(recursive) discover
[0.568s] INFO:colcon.colcon_core.package_discovery:Crawling recursively for packages in '/home/mariamehab/tuner_ws'
[0.568s] Level 1:colcon.colcon_core.package_identification:_identify(.) by extensions ['ignore', 'ignore_ament_install']
[0.568s] Level 1:colcon.colcon_core.package_identification:_identify(.) by extension 'ignore'
[0.568s] Level 1:colcon.colcon_core.package_identification:_identify(.) by extension 'ignore_ament_install'
[0.569s] Level 1:colcon.colcon_core.package_identification:_identify(.) by extensions ['colcon_pkg']
[0.569s] Level 1:colcon.colcon_core.package_identification:_identify(.) by extension 'colcon_pkg'
[0.569s] Level 1:colcon.colcon_core.package_identification:_identify(.) by extensions ['colcon_meta']
[0.569s] Level 1:colcon.colcon_core.package_identification:_identify(.) by extension 'colcon_meta'
[0.569s] Level 1:colcon.colcon_core.package_identification:_identify(.) by extensions ['ros']
[0.569s] Level 1:colcon.colcon_core.package_identification:_identify(.) by extension 'ros'
[0.646s] Level 1:colcon.colcon_core.package_identification:_identify(.) by extensions ['cmake', 'python']
[0.647s] Level 1:colcon.colcon_core.package_identification:_identify(.) by extension 'cmake'
[0.647s] Level 1:colcon.colcon_core.package_identification:_identify(.) by extension 'python'
[0.647s] Level 1:colcon.colcon_core.package_identification:_identify(.) by extensions ['python_setup_py']
[0.647s] Level 1:colcon.colcon_core.package_identification:_identify(.) by extension 'python_setup_py'
[0.648s] Level 1:colcon.colcon_core.package_identification:_identify(build) by extensions ['ignore', 'ignore_ament_install']
[0.650s] Level 1:colcon.colcon_core.package_identification:_identify(build) by extension 'ignore'
[0.651s] Level 1:colcon.colcon_core.package_identification:_identify(build) ignored
[0.651s] Level 1:colcon.colcon_core.package_identification:_identify(install) by extensions ['ignore', 'ignore_ament_install']
[0.652s] Level 1:colcon.colcon_core.package_identification:_identify(install) by extension 'ignore'
[0.652s] Level 1:colcon.colcon_core.package_identification:_identify(install) ignored
[0.652s] Level 1:colcon.colcon_core.package_identification:_identify(log) by extensions ['ignore', 'ignore_ament_install']
[0.652s] Level 1:colcon.colcon_core.package_identification:_identify(log) by extension 'ignore'
[0.653s] Level 1:colcon.colcon_core.package_identification:_identify(log) ignored
[0.653s] Level 1:colcon.colcon_core.package_identification:_identify(src) by extensions ['ignore', 'ignore_ament_install']
[0.654s] Level 1:colcon.colcon_core.package_identification:_identify(src) by extension 'ignore'
[0.654s] Level 1:colcon.colcon_core.package_identification:_identify(src) by extension 'ignore_ament_install'
[0.654s] Level 1:colcon.colcon_core.package_identification:_identify(src) by extensions ['colcon_pkg']
[0.654s] Level 1:colcon.colcon_core.package_identification:_identify(src) by extension 'colcon_pkg'
[0.654s] Level 1:colcon.colcon_core.package_identification:_identify(src) by extensions ['colcon_meta']
[0.654s] Level 1:colcon.colcon_core.package_identification:_identify(src) by extension 'colcon_meta'
[0.654s] Level 1:colcon.colcon_core.package_identification:_identify(src) by extensions ['ros']
[0.654s] Level 1:colcon.colcon_core.package_identification:_identify(src) by extension 'ros'
[0.655s] Level 1:colcon.colcon_core.package_identification:_identify(src) by extensions ['cmake', 'python']
[0.655s] Level 1:colcon.colcon_core.package_identification:_identify(src) by extension 'cmake'
[0.655s] Level 1:colcon.colcon_core.package_identification:_identify(src) by extension 'python'
[0.655s] Level 1:colcon.colcon_core.package_identification:_identify(src) by extensions ['python_setup_py']
[0.655s] Level 1:colcon.colcon_core.package_identification:_identify(src) by extension 'python_setup_py'
[0.656s] Level 1:colcon.colcon_core.package_identification:_identify(src/midnight_tuner) by extensions ['ignore', 'ignore_ament_install']
[0.657s] Level 1:colcon.colcon_core.package_identification:_identify(src/midnight_tuner) by extension 'ignore'
[0.657s] Level 1:colcon.colcon_core.package_identification:_identify(src/midnight_tuner) by extension 'ignore_ament_install'
[0.657s] Level 1:colcon.colcon_core.package_identification:_identify(src/midnight_tuner) by extensions ['colcon_pkg']
[0.657s] Level 1:colcon.colcon_core.package_identification:_identify(src/midnight_tuner) by extension 'colcon_pkg'
[0.657s] Level 1:colcon.colcon_core.package_identification:_identify(src/midnight_tuner) by extensions ['colcon_meta']
[0.657s] Level 1:colcon.colcon_core.package_identification:_identify(src/midnight_tuner) by extension 'colcon_meta'
[0.658s] Level 1:colcon.colcon_core.package_identification:_identify(src/midnight_tuner) by extensions ['ros']
[0.658s] Level 1:colcon.colcon_core.package_identification:_identify(src/midnight_tuner) by extension 'ros'
[0.664s] DEBUG:colcon.colcon_core.package_identification:Package 'src/midnight_tuner' with type 'ros.ament_python' and name 'midnight_tuner'
[0.665s] Level 1:colcon.colcon_core.package_discovery:discover_packages(recursive) using defaults
[0.665s] Level 1:colcon.colcon_core.package_discovery:discover_packages(ignore) discover
[0.665s] Level 1:colcon.colcon_core.package_discovery:discover_packages(ignore) using defaults
[0.665s] Level 1:colcon.colcon_core.package_discovery:discover_packages(path) discover
[0.665s] Level 1:colcon.colcon_core.package_discovery:discover_packages(path) using defaults
[0.743s] Level 5:colcon.colcon_core.verb:set package 'midnight_tuner' build argument 'cmake_args' from command line to 'None'
[0.743s] Level 5:colcon.colcon_core.verb:set package 'midnight_tuner' build argument 'cmake_target' from command line to 'None'
[0.743s] Level 5:colcon.colcon_core.verb:set package 'midnight_tuner' build argument 'cmake_target_skip_unavailable' from command line to 'False'
[0.743s] Level 5:colcon.colcon_core.verb:set package 'midnight_tuner' build argument 'cmake_clean_cache' from command line to 'False'
[0.743s] Level 5:colcon.colcon_core.verb:set package 'midnight_tuner' build argument 'cmake_clean_first' from command line to 'False'
[0.743s] Level 5:colcon.colcon_core.verb:set package 'midnight_tuner' build argument 'cmake_force_configure' from command line to 'False'
[0.743s] Level 5:colcon.colcon_core.verb:set package 'midnight_tuner' build argument 'ament_cmake_args' from command line to 'None'
[0.743s] Level 5:colcon.colcon_core.verb:set package 'midnight_tuner' build argument 'catkin_cmake_args' from command line to 'None'
[0.743s] Level 5:colcon.colcon_core.verb:set package 'midnight_tuner' build argument 'catkin_skip_building_tests' from command line to 'False'
[0.743s] DEBUG:colcon.colcon_core.verb:Building package 'midnight_tuner' with the following arguments: {'ament_cmake_args': None, 'build_base': '/home/mariamehab/tuner_ws/build/midnight_tuner', 'catkin_cmake_args': None, 'catkin_skip_building_tests': False, 'cmake_args': None, 'cmake_clean_cache': False, 'cmake_clean_first': False, 'cmake_force_configure': False, 'cmake_target': None, 'cmake_target_skip_unavailable': False, 'install_base': '/home/mariamehab/tuner_ws/install/midnight_tuner', 'merge_install': False, 'path': '/home/mariamehab/tuner_ws/src/midnight_tuner', 'symlink_install': False, 'test_result_base': None}
[0.744s] INFO:colcon.colcon_core.executor:Executing jobs using 'parallel' executor
[0.745s] DEBUG:colcon.colcon_parallel_executor.executor.parallel:run_until_complete
[0.746s] INFO:colcon.colcon_ros.task.ament_python.build:Building ROS package in '/home/mariamehab/tuner_ws/src/midnight_tuner' with build type 'ament_python'
[0.746s] Level 1:colcon.colcon_core.shell:create_environment_hook('midnight_tuner', 'ament_prefix_path')
[0.765s] INFO:colcon.colcon_core.plugin_system:Skipping extension 'colcon_core.shell.bat': Not used on non-Windows systems
[0.765s] INFO:colcon.colcon_core.shell:Creating environment descriptor '/home/mariamehab/tuner_ws/install/midnight_tuner/share/midnight_tuner/hook/ament_prefix_path.dsv'
[0.767s] INFO:colcon.colcon_core.shell:Creating environment hook '/home/mariamehab/tuner_ws/install/midnight_tuner/share/midnight_tuner/hook/ament_prefix_path.sh'
[0.769s] DEBUG:colcon.colcon_core.shell:Skip shell extension 'dsv' for command environment
[1.368s] INFO:colcon.colcon_core.task.python.build:Building Python package in '/home/mariamehab/tuner_ws/src/midnight_tuner'
[1.368s] DEBUG:colcon.colcon_core.shell:Skip shell extension 'dsv' for command environment
[3.673s] DEBUG:colcon.colcon_core.task.python.build:Available setuptools commands: setopt, install_lib, extract_messages, install_data, register, alias, build_ext, build_scripts, egg_info, install, upload_docs, check, dist_info, editable_wheel, upload, build, bdist, easy_install, build_py, rotate, saveopts, bdist_egg, init_catalog, clean, test, install_egg_info, update_catalog, compile_catalog, sdist, build_clib, bdist_rpm, symlink_data, bdist_dumb, install_headers, develop, install_scripts
[3.679s] DEBUG:colcon.colcon_core.event_handler.log_command:Invoking command in '/home/mariamehab/tuner_ws/src/midnight_tuner': DEBUGINFOD_URLS=https://debuginfod.ubuntu.com PYTHONPATH=/home/mariamehab/tuner_ws/build/midnight_tuner/prefix_override:/usr/lib/python3/dist-packages/colcon_core/task/python/colcon_distutils_commands:/home/mariamehab/tuner_ws/install/midnight_tuner/lib/python3.12/site-packages:${PYTHONPATH} /usr/bin/python3 -W ignore:setup.py install is deprecated -W ignore:easy_install command is deprecated setup.py egg_info --egg-base ../../build/midnight_tuner build --build-base /home/mariamehab/tuner_ws/build/midnight_tuner/build install --record /home/mariamehab/tuner_ws/build/midnight_tuner/install.log --install-scripts $base/lib/midnight_tuner --single-version-externally-managed install_data
[5.071s] DEBUG:colcon.colcon_core.event_handler.log_command:Invoked command in '/home/mariamehab/tuner_ws/src/midnight_tuner' returned '0': DEBUGINFOD_URLS=https://debuginfod.ubuntu.com PYTHONPATH=/home/mariamehab/tuner_ws/build/midnight_tuner/prefix_override:/usr/lib/python3/dist-packages/colcon_core/task/python/colcon_distutils_commands:/home/mariamehab/tuner_ws/install/midnight_tuner/lib/python3.12/site-packages:${PYTHONPATH} /usr/bin/python3 -W ignore:setup.py install is deprecated -W ignore:easy_install command is deprecated setup.py egg_info --egg-base ../../build/midnight_tuner build --build-base /home/mariamehab/tuner_ws/build/midnight_tuner/build install --record /home/mariamehab/tuner_ws/build/midnight_tuner/install.log --install-scripts $base/lib/midnight_tuner --single-version-externally-managed install_data
[5.088s] Level 1:colcon.colcon_core.environment:checking '/home/mariamehab/tuner_ws/install/midnight_tuner' for CMake module files
[5.089s] Level 1:colcon.colcon_core.environment:checking '/home/mariamehab/tuner_ws/install/midnight_tuner' for CMake config files
[5.090s] Level 1:colcon.colcon_core.environment:checking '/home/mariamehab/tuner_ws/install/midnight_tuner/lib'
[5.090s] Level 1:colcon.colcon_core.environment:checking '/home/mariamehab/tuner_ws/install/midnight_tuner/bin'
[5.090s] Level 1:colcon.colcon_core.environment:checking '/home/mariamehab/tuner_ws/install/midnight_tuner/lib/pkgconfig/midnight_tuner.pc'
[5.091s] Level 1:colcon.colcon_core.environment:checking '/home/mariamehab/tuner_ws/install/midnight_tuner/lib/python3.12/site-packages'
[5.091s] Level 1:colcon.colcon_core.shell:create_environment_hook('midnight_tuner', 'pythonpath')
[5.091s] INFO:colcon.colcon_core.shell:Creating environment descriptor '/home/mariamehab/tuner_ws/install/midnight_tuner/share/midnight_tuner/hook/pythonpath.dsv'
[5.092s] INFO:colcon.colcon_core.shell:Creating environment hook '/home/mariamehab/tuner_ws/install/midnight_tuner/share/midnight_tuner/hook/pythonpath.sh'
[5.093s] Level 1:colcon.colcon_core.environment:checking '/home/mariamehab/tuner_ws/install/midnight_tuner/bin'
[5.093s] Level 1:colcon.colcon_core.environment:create_environment_scripts_only(midnight_tuner)
[5.094s] INFO:colcon.colcon_core.shell:Creating package descriptor '/home/mariamehab/tuner_ws/install/midnight_tuner/share/midnight_tuner/package.dsv'
[5.095s] INFO:colcon.colcon_core.shell:Creating package script '/home/mariamehab/tuner_ws/install/midnight_tuner/share/midnight_tuner/package.sh'
[5.096s] INFO:colcon.colcon_core.shell:Creating package script '/home/mariamehab/tuner_ws/install/midnight_tuner/share/midnight_tuner/package.bash'
[5.099s] INFO:colcon.colcon_core.shell:Creating package script '/home/mariamehab/tuner_ws/install/midnight_tuner/share/midnight_tuner/package.zsh'
[5.101s] Level 1:colcon.colcon_core.environment:create_file_with_runtime_dependencies(/home/mariamehab/tuner_ws/install/midnight_tuner/share/colcon-core/packages/midnight_tuner)
[5.103s] DEBUG:colcon.colcon_parallel_executor.executor.parallel:closing loop
[5.103s] DEBUG:colcon.colcon_parallel_executor.executor.parallel:loop closed
[5.103s] DEBUG:colcon.colcon_parallel_executor.executor.parallel:run_until_complete finished with '0'
[5.103s] DEBUG:colcon.colcon_core.event_reactor:joining thread
[5.120s] INFO:colcon.colcon_core.plugin_system:Skipping extension 'colcon_notification.desktop_notification.terminal_notifier': Not used on non-Darwin systems
[5.121s] INFO:colcon.colcon_core.plugin_system:Skipping extension 'colcon_notification.desktop_notification.win32': Not used on non-Windows systems
[5.121s] INFO:colcon.colcon_notification.desktop_notification:Sending desktop notification using 'notify2'
[5.311s] DEBUG:colcon.colcon_core.event_reactor:joined thread
[5.311s] INFO:colcon.colcon_core.shell:Creating prefix script '/home/mariamehab/tuner_ws/install/local_setup.sh'
[5.313s] INFO:colcon.colcon_core.shell:Creating prefix util module '/home/mariamehab/tuner_ws/install/_local_setup_util_sh.py'
[5.317s] INFO:colcon.colcon_core.shell:Creating prefix chain script '/home/mariamehab/tuner_ws/install/setup.sh'
[5.321s] INFO:colcon.colcon_core.shell:Creating prefix script '/home/mariamehab/tuner_ws/install/local_setup.bash'
[5.323s] INFO:colcon.colcon_core.shell:Creating prefix chain script '/home/mariamehab/tuner_ws/install/setup.bash'
[5.328s] INFO:colcon.colcon_core.shell:Creating prefix script '/home/mariamehab/tuner_ws/install/local_setup.zsh'
[5.330s] INFO:colcon.colcon_core.shell:Creating prefix chain script '/home/mariamehab/tuner_ws/install/setup.zsh'
